// Jest Snapshot v1, https://goo.gl/fbAQLP

exports[`<SearchBar /> should search triggers photo search to backend 1`] = `
<SearchBar
  searchImgs={
    [MockFunction] {
      "calls": Array [
        Array [
          "23",
        ],
      ],
      "results": Array [
        Object {
          "type": "return",
          "value": Promise {},
        },
      ],
    }
  }
>
  <div
    className="SearchBar"
  >
    <form
      onSubmit={[Function]}
    >
      <label>
        search:
        <input
          className="searchInput"
          onChange={[Function]}
          type="text"
          value="23"
        />
      </label>
      <input
        type="submit"
        value="Submit"
      />
    </form>
    <SearchPhoto
      active={false}
      key="0"
      onClick={[Function]}
      url="https://imgur.com/gallery/3nSMulw"
      xi={0}
    >
      <img
        onClick={[Function]}
        src="https://imgur.com/gallery/3nSMulw"
        style={Object {}}
      />
    </SearchPhoto>
  </div>
</SearchBar>
`;
